#
# A fatal error has been detected by the Java Runtime Environment:
#
#  EXCEPTION_ACCESS_VIOLATION (0xc0000005) at pc=0x0000000000000000, pid=11084, tid=2564
#
# JRE version: Java(TM) SE Runtime Environment (23.0.1+11) (build 23.0.1+11-39)
# Java VM: Java HotSpot(TM) 64-Bit Server VM (23.0.1+11-39, mixed mode, sharing, tiered, compressed oops, compressed class ptrs, g1 gc, windows-amd64)
# Problematic frame:
# V  [jvm.dll+0xa63e70]
#
# No core dump will be written. Minidumps are not enabled by default on client versions of Windows
#
# If you would like to submit a bug report, please visit:
#   https://bugreport.java.com/bugreport/crash.jsp
#

---------------  S U M M A R Y ------------

Command Line: 

Host: Intel(R) Core(TM) i7-8550U CPU @ 1.80GHz, 8 cores, 19G,  Windows 11 , 64 bit Build 22000 (10.0.22000.2538)
Time: Mon Aug  3 02:53:18 2026 Egypt Daylight Time elapsed time: 0.091333 seconds (0d 0h 0m 0s)

---------------  T H R E A D  ---------------

Current thread (0x0000014967719ff0):  JavaThread "C2 CompilerThread0" daemon [_thread_in_vm, id=2564, stack(0x00000029ef200000,0x00000029ef300000) (1024K)]

Stack: [0x00000029ef200000,0x00000029ef300000],  sp=0x00000029ef2fde68,  free space=1015k
Native frames: (J=compiled Java code, j=interpreted, Vv=VM code, C=native code)


siginfo: EXCEPTION_ACCESS_VIOLATION (0xc0000005), data execution prevention violation at address 0x0000000000000000


Registers:
RAX=0x00000029ef2fe8d0, RBX=0x00007ffb3ff1f420, RCX=0x00000029ef2fe8e0, RDX=0x0000000000000010
RSP=0x00000029ef2fde60, RBP=0x00000149676e39e0, RSI=0x0000000000000003, RDI=0x00000029ef2fea10
R8 =0x0000000000000090, R9 =0x00000000000000a0, R10=0x00007ffb90700000, R11=0x00007ffb90701b75
R12=0x00007ffb40243e70, R13=0x0000000000000000, R14=0x00007ffb3ff1f420, R15=0x00007ffb3ff1f270
RIP=0x0000000000000000, EFLAGS=0x0000000000010202


Register to memory mapping:

RAX=0x00000029ef2fe8d0 is pointing into the stack for thread: 0x0000014967719ff0
RBX=0x00007ffb3ff1f420 jvm.dll
RCX=0x00000029ef2fe8e0 is pointing into the stack for thread: 0x0000014967719ff0
RDX=0x0000000000000010 is an unknown value
RSP=0x00000029ef2fde60 is pointing into the stack for thread: 0x0000014967719ff0
RBP=0x00000149676e39e0 points into unknown readable memory: 0x0000000000000000 | 00 00 00 00 00 00 00 00
RSI=0x0000000000000003 is an unknown value
RDI=0x00000029ef2fea10 is pointing into the stack for thread: 0x0000014967719ff0
R8 =0x0000000000000090 is an unknown value
R9 =0x00000000000000a0 is an unknown value
R10=0x00007ffb90700000 VCRUNTIME140.dll
R11=0x00007ffb90701b75 VCRUNTIME140.dll
R12=0x00007ffb40243e70 jvm.dll
R13=0x0 is null
R14=0x00007ffb3ff1f420 jvm.dll
R15=0x00007ffb3ff1f270 jvm.dll

Top of Stack: (sp=0x00000029ef2fde60)
0x00000029ef2fde60:   00007ffb40243e70 0000000000000000
0x00000029ef2fde70:   00000149676e39e0 00007ffb3fe9aee4
0x00000029ef2fde80:   000001494103a2f0 00007ffb40243e70
0x00000029ef2fde90:   00007ffb3ff1f420 00007ffb3fee6a6f
0x00000029ef2fdea0:   0000000000000008 00007ffb3fee6e0e
0x00000029ef2fdeb0:   0000000000000001 000001494103a340
0x00000029ef2fdec0:   00007ffb00000000 00007ffb3ff1f420
0x00000029ef2fded0:   000001494103a340 00007ffb3fa22da5
0x00000029ef2fdee0:   000001494103a340 0000000000000003
0x00000029ef2fdef0:   00000029ef2feb38 00000029ef2fdf30
0x00000029ef2fdf00:   0000000000000000 0000000000000003
0x00000029ef2fdf10:   0000000000000002 0000000000000000
0x00000029ef2fdf20:   00000029ef2fefd0 0000014967717830
0x00000029ef2fdf30:   0003a3c90003a491 0000000000030000
0x00000029ef2fdf40:   0000000000000000 0000000000000000
0x00000029ef2fdf50:   0000000000000000 0000000000000000
0x00000029ef2fdf60:   0000000000000000 0000000000000000
0x00000029ef2fdf70:   00000000396c0000 0000000000000000
0x00000029ef2fdf80:   0000000000000000 0000000000000000
0x00000029ef2fdf90:   0000000000000000 0000000000000000
0x00000029ef2fdfa0:   0000000000000000 0000000000000000
0x00000029ef2fdfb0:   0000000000000000 0000000000000000
0x00000029ef2fdfc0:   0000000000000000 0000000000000000
0x00000029ef2fdfd0:   0000000000000000 0000000000000000
0x00000029ef2fdfe0:   0000000000000000 0000000000000000
0x00000029ef2fdff0:   0000000000000000 0000000000000000
0x00000029ef2fe000:   0000000000000000 0000000000000000
0x00000029ef2fe010:   00007ffb401c3670 0000000000000005
0x00000029ef2fe020:   00000029ef2fea10 0000000000000000
0x00000029ef2fe030:   000001494103a358 000001494103a340
0x00000029ef2fe040:   0000000000000000 0000000000000000
0x00000029ef2fe050:   0000000000000000 0000000000000000 

Instructions: (pc=0x00007ffb40243e70)
0x00007ffb40243d70:   6d 61 79 20 73 75 63 63 65 65 64 20 6f 6e 20 72
0x00007ffb40243d80:   65 74 72 79 00 00 00 00 74 68 72 65 61 64 20 63
0x00007ffb40243d90:   6f 6e 66 6c 69 63 74 20 20 20 20 20 00 00 00 00
0x00007ffb40243da0:   62 75 66 66 65 72 20 6f 76 65 72 66 6c 6f 77 20
0x00007ffb40243db0:   20 20 20 20 00 00 00 00 64 65 62 75 67 20 6f 72
0x00007ffb40243dc0:   20 74 72 61 70 20 68 69 74 20 20 20 00 00 00 00
0x00007ffb40243dd0:   6d 61 78 69 6d 75 6d 20 6e 65 73 74 65 64 20 64
0x00007ffb40243de0:   65 70 74 68 00 00 00 00 a0 f6 2f 40 fb 7f 00 00
0x00007ffb40243df0:   30 be 89 3f fb 7f 00 00 40 bf f1 3f fb 7f 00 00
0x00007ffb40243e00:   23 20 72 74 6d 20 6c 6f 63 6b 73 20 74 6f 74 61
0x00007ffb40243e10:   6c 20 28 65 73 74 69 6d 61 74 65 64 29 3a 20 25
0x00007ffb40243e20:   6c 6c 75 00 00 00 00 00 23 20 72 74 6d 20 6c 6f
0x00007ffb40243e30:   63 6b 20 61 62 6f 72 74 73 20 28 74 6f 74 61 6c
0x00007ffb40243e40:   29 3a 20 25 6c 6c 75 00 23 20 72 74 6d 20 6c 6f
0x00007ffb40243e50:   63 6b 20 61 62 6f 72 74 73 20 25 64 20 28 25 73
0x00007ffb40243e60:   29 3a 20 25 6c 6c 75 00 00 00 00 00 05 00 00 00
0x00007ffb40243e70:   5f 6e 65 77 5f 69 6e 73 74 61 6e 63 65 5f 4a 61
0x00007ffb40243e80:   76 61 00 00 00 00 00 00 5f 6e 65 77 5f 61 72 72
0x00007ffb40243e90:   61 79 5f 4a 61 76 61 00 5f 6e 65 77 5f 61 72 72
0x00007ffb40243ea0:   61 79 5f 6e 6f 7a 65 72 6f 5f 4a 61 76 61 00 00
0x00007ffb40243eb0:   5f 6d 75 6c 74 69 61 6e 65 77 61 72 72 61 79 32
0x00007ffb40243ec0:   5f 4a 61 76 61 00 00 00 5f 6d 75 6c 74 69 61 6e
0x00007ffb40243ed0:   65 77 61 72 72 61 79 33 5f 4a 61 76 61 00 00 00
0x00007ffb40243ee0:   5f 6d 75 6c 74 69 61 6e 65 77 61 72 72 61 79 34
0x00007ffb40243ef0:   5f 4a 61 76 61 00 00 00 5f 6d 75 6c 74 69 61 6e
0x00007ffb40243f00:   65 77 61 72 72 61 79 35 5f 4a 61 76 61 00 00 00
0x00007ffb40243f10:   5f 6d 75 6c 74 69 61 6e 65 77 61 72 72 61 79 4e
0x00007ffb40243f20:   5f 4a 61 76 61 00 00 00 5f 6e 6f 74 69 66 79 5f
0x00007ffb40243f30:   6a 76 6d 74 69 5f 76 74 68 72 65 61 64 5f 73 74
0x00007ffb40243f40:   61 72 74 00 00 00 00 00 5f 6e 6f 74 69 66 79 5f
0x00007ffb40243f50:   6a 76 6d 74 69 5f 76 74 68 72 65 61 64 5f 65 6e
0x00007ffb40243f60:   64 00 00 00 00 00 00 00 5f 6e 6f 74 69 66 79 5f 


Stack slot to memory mapping:

stack at sp + 0 slots: 0x0 is null
stack at sp + 1 slots: 0x00000149676e39e0 points into unknown readable memory: 0x0000000000000000 | 00 00 00 00 00 00 00 00
stack at sp + 2 slots: 0x00007ffb3fe9aee4 jvm.dll
stack at sp + 3 slots: 0x000001494103a2f0 points into unknown readable memory: 0x0000000000000002 | 02 00 00 00 00 00 00 00
stack at sp + 4 slots: 0x00007ffb40243e70 jvm.dll
stack at sp + 5 slots: 0x00007ffb3ff1f420 jvm.dll
stack at sp + 6 slots: 0x00007ffb3fee6a6f jvm.dll
stack at sp + 7 slots: 0x0000000000000008 is an unknown value

Lock stack of current Java thread (top to bottom):


---------------  P R O C E S S  ---------------

Threads class SMR info:
_java_thread_list=0x00000149410aca50, length=10, elements={
0x000001496770cec0, 0x000001496770f5c0, 0x0000014967712640, 0x00000149677150b0,
0x0000014967718800, 0x0000014967719260, 0x0000014967719ff0, 0x000001496771e280,
0x00000149410b77b0, 0x0000014944b0e630
}

Java Threads: ( => current thread )
  0x000001496770cec0 JavaThread "Reference Handler"          daemon [_thread_blocked, id=1556, stack(0x00000029eec00000,0x00000029eed00000) (1024K)]
  0x000001496770f5c0 JavaThread "Finalizer"                  daemon [_thread_blocked, id=3180, stack(0x00000029eed00000,0x00000029eee00000) (1024K)]
  0x0000014967712640 JavaThread "Signal Dispatcher"          daemon [_thread_blocked, id=16648, stack(0x00000029eee00000,0x00000029eef00000) (1024K)]
  0x00000149677150b0 JavaThread "Attach Listener"            daemon [_thread_blocked, id=13000, stack(0x00000029eef00000,0x00000029ef000000) (1024K)]
  0x0000014967718800 JavaThread "Service Thread"             daemon [_thread_blocked, id=10492, stack(0x00000029ef000000,0x00000029ef100000) (1024K)]
  0x0000014967719260 JavaThread "Monitor Deflation Thread"   daemon [_thread_blocked, id=10988, stack(0x00000029ef100000,0x00000029ef200000) (1024K)]
=>0x0000014967719ff0 JavaThread "C2 CompilerThread0"         daemon [_thread_in_vm, id=2564, stack(0x00000029ef200000,0x00000029ef300000) (1024K)]
  0x000001496771e280 JavaThread "C1 CompilerThread0"         daemon [_thread_in_native, id=9608, stack(0x00000029ef300000,0x00000029ef400000) (1024K)]
  0x00000149410b77b0 JavaThread "Notification Thread"        daemon [_thread_blocked, id=16744, stack(0x00000029ef400000,0x00000029ef500000) (1024K)]
  0x0000014944b0e630 JavaThread "DestroyJavaVM"                     [_thread_blocked, id=7648, stack(0x00000029ee400000,0x00000029ee500000) (1024K)]
Total: 10

Other Threads:
  0x00000149676f1d20 VMThread "VM Thread"                           [id=1048, stack(0x00000029eeb00000,0x00000029eec00000) (1024K)]
  0x00000149676dd760 WatcherThread "VM Periodic Task Thread"        [id=15988, stack(0x00000029eea00000,0x00000029eeb00000) (1024K)]
  0x0000014946f15ad0 WorkerThread "GC Thread#0"                     [id=12820, stack(0x00000029ee500000,0x00000029ee600000) (1024K)]
  0x0000014946f3e820 ConcurrentGCThread "G1 Main Marker"            [id=456, stack(0x00000029ee600000,0x00000029ee700000) (1024K)]
  0x0000014946f401f0 WorkerThread "G1 Conc#0"                       [id=13772, stack(0x00000029ee700000,0x00000029ee800000) (1024K)]
  0x00000149675b1ee0 ConcurrentGCThread "G1 Refine#0"               [id=17680, stack(0x00000029ee800000,0x00000029ee900000) (1024K)]
  0x00000149675b2710 ConcurrentGCThread "G1 Service"                [id=7960, stack(0x00000029ee900000,0x00000029eea00000) (1024K)]
Total: 7

Threads with active compile tasks:
C1 CompilerThread0  274    8       3       java.util.ImmutableCollections$SetN::probe (56 bytes)
Total: 1

VM state: not at safepoint (normal execution)

VM Mutex/Monitor currently owned by a thread: None

Heap address: 0x00000006c1400000, size: 5100 MB, Compressed Oops mode: Zero based, Oop shift amount: 3

CDS archive(s) mapped at: [0x0000014900000000-0x0000014900d70000-0x0000014900d70000), size 14090240, SharedBaseAddress: 0x0000014900000000, ArchiveRelocationMode: 1.
Compressed class space mapped at: 0x0000014901000000-0x0000014941000000, reserved size: 1073741824
Narrow klass base: 0x0000014900000000, Narrow klass shift: 0, Narrow klass range: 0x41000000

GC Precious Log:
 CardTable entry size: 512
 Card Set container configuration: InlinePtr #cards 4 size 8 Array Of Cards #cards 32 size 80 Howl #buckets 8 coarsen threshold 7372 Howl Bitmap #cards 1024 size 144 coarsen threshold 921 Card regions per heap region 1 cards per card region 8192
 CPUs: 8 total, 8 available
 Memory: 20388M
 Large Page Support: Disabled
 NUMA Support: Disabled
 Compressed Oops: Enabled (Zero based)
 Heap Region Size: 4M
 Heap Min Capacity: 8M
 Heap Initial Capacity: 320M
 Heap Max Capacity: 5100M
 Pre-touch: Disabled
 Parallel Workers: 8
 Concurrent Workers: 2
 Concurrent Refinement Workers: 8
 Periodic GC: Disabled

Heap:
 garbage-first heap   total reserved 5222400K, committed 327680K, used 0K [0x00000006c1400000, 0x0000000800000000)
  region size 4096K, 1 young (4096K), 0 survivors (0K)
 Metaspace       used 97K, committed 192K, reserved 1114112K
  class space    used 3K, committed 64K, reserved 1048576K

Heap Regions: E=young(eden), S=young(survivor), O=old, HS=humongous(starts), HC=humongous(continues), CS=collection set, F=free, TAMS=top-at-mark-start, PB=parsable bottom
|   0|0x00000006c1400000, 0x00000006c1400000, 0x00000006c1800000|  0%| F|  |TAMS 0x00000006c1400000| PB 0x00000006c1400000| Untracked |  0
|   1|0x00000006c1800000, 0x00000006c1800000, 0x00000006c1c00000|  0%| F|  |TAMS 0x00000006c1800000| PB 0x00000006c1800000| Untracked |  0
|   2|0x00000006c1c00000, 0x00000006c1c00000, 0x00000006c2000000|  0%| F|  |TAMS 0x00000006c1c00000| PB 0x00000006c1c00000| Untracked |  0
|   3|0x00000006c2000000, 0x00000006c2000000, 0x00000006c2400000|  0%| F|  |TAMS 0x00000006c2000000| PB 0x00000006c2000000| Untracked |  0
|   4|0x00000006c2400000, 0x00000006c2400000, 0x00000006c2800000|  0%| F|  |TAMS 0x00000006c2400000| PB 0x00000006c2400000| Untracked |  0
|   5|0x00000006c2800000, 0x00000006c2800000, 0x00000006c2c00000|  0%| F|  |TAMS 0x00000006c2800000| PB 0x00000006c2800000| Untracked |  0
|   6|0x00000006c2c00000, 0x00000006c2c00000, 0x00000006c3000000|  0%| F|  |TAMS 0x00000006c2c00000| PB 0x00000006c2c00000| Untracked |  0
|   7|0x00000006c3000000, 0x00000006c3000000, 0x00000006c3400000|  0%| F|  |TAMS 0x00000006c3000000| PB 0x00000006c3000000| Untracked |  0
|   8|0x00000006c3400000, 0x00000006c3400000, 0x00000006c3800000|  0%| F|  |TAMS 0x00000006c3400000| PB 0x00000006c3400000| Untracked |  0
|   9|0x00000006c3800000, 0x00000006c3800000, 0x00000006c3c00000|  0%| F|  |TAMS 0x00000006c3800000| PB 0x00000006c3800000| Untracked |  0
|  10|0x00000006c3c00000, 0x00000006c3c00000, 0x00000006c4000000|  0%| F|  |TAMS 0x00000006c3c00000| PB 0x00000006c3c00000| Untracked |  0
|  11|0x00000006c4000000, 0x00000006c4000000, 0x00000006c4400000|  0%| F|  |TAMS 0x00000006c4000000| PB 0x00000006c4000000| Untracked |  0
|  12|0x00000006c4400000, 0x00000006c4400000, 0x00000006c4800000|  0%| F|  |TAMS 0x00000006c4400000| PB 0x00000006c4400000| Untracked |  0
|  13|0x00000006c4800000, 0x00000006c4800000, 0x00000006c4c00000|  0%| F|  |TAMS 0x00000006c4800000| PB 0x00000006c4800000| Untracked |  0
|  14|0x00000006c4c00000, 0x00000006c4c00000, 0x00000006c5000000|  0%| F|  |TAMS 0x00000006c4c00000| PB 0x00000006c4c00000| Untracked |  0
|  15|0x00000006c5000000, 0x00000006c5000000, 0x00000006c5400000|  0%| F|  |TAMS 0x00000006c5000000| PB 0x00000006c5000000| Untracked |  0
|  16|0x00000006c5400000, 0x00000006c5400000, 0x00000006c5800000|  0%| F|  |TAMS 0x00000006c5400000| PB 0x00000006c5400000| Untracked |  0
|  17|0x00000006c5800000, 0x00000006c5800000, 0x00000006c5c00000|  0%| F|  |TAMS 0x00000006c5800000| PB 0x00000006c5800000| Untracked |  0
|  18|0x00000006c5c00000, 0x00000006c5c00000, 0x00000006c6000000|  0%| F|  |TAMS 0x00000006c5c00000| PB 0x00000006c5c00000| Untracked |  0
|  19|0x00000006c6000000, 0x00000006c6000000, 0x00000006c6400000|  0%| F|  |TAMS 0x00000006c6000000| PB 0x00000006c6000000| Untracked |  0
|  20|0x00000006c6400000, 0x00000006c6400000, 0x00000006c6800000|  0%| F|  |TAMS 0x00000006c6400000| PB 0x00000006c6400000| Untracked |  0
|  21|0x00000006c6800000, 0x00000006c6800000, 0x00000006c6c00000|  0%| F|  |TAMS 0x00000006c6800000| PB 0x00000006c6800000| Untracked |  0
|  22|0x00000006c6c00000, 0x00000006c6c00000, 0x00000006c7000000|  0%| F|  |TAMS 0x00000006c6c00000| PB 0x00000006c6c00000| Untracked |  0
|  23|0x00000006c7000000, 0x00000006c7000000, 0x00000006c7400000|  0%| F|  |TAMS 0x00000006c7000000| PB 0x00000006c7000000| Untracked |  0
|  24|0x00000006c7400000, 0x00000006c7400000, 0x00000006c7800000|  0%| F|  |TAMS 0x00000006c7400000| PB 0x00000006c7400000| Untracked |  0
|  25|0x00000006c7800000, 0x00000006c7800000, 0x00000006c7c00000|  0%| F|  |TAMS 0x00000006c7800000| PB 0x00000006c7800000| Untracked |  0
|  26|0x00000006c7c00000, 0x00000006c7c00000, 0x00000006c8000000|  0%| F|  |TAMS 0x00000006c7c00000| PB 0x00000006c7c00000| Untracked |  0
|  27|0x00000006c8000000, 0x00000006c8000000, 0x00000006c8400000|  0%| F|  |TAMS 0x00000006c8000000| PB 0x00000006c8000000| Untracked |  0
|  28|0x00000006c8400000, 0x00000006c8400000, 0x00000006c8800000|  0%| F|  |TAMS 0x00000006c8400000| PB 0x00000006c8400000| Untracked |  0
|  29|0x00000006c8800000, 0x00000006c8800000, 0x00000006c8c00000|  0%| F|  |TAMS 0x00000006c8800000| PB 0x00000006c8800000| Untracked |  0
|  30|0x00000006c8c00000, 0x00000006c8c00000, 0x00000006c9000000|  0%| F|  |TAMS 0x00000006c8c00000| PB 0x00000006c8c00000| Untracked |  0
|  31|0x00000006c9000000, 0x00000006c9000000, 0x00000006c9400000|  0%| F|  |TAMS 0x00000006c9000000| PB 0x00000006c9000000| Untracked |  0
|  32|0x00000006c9400000, 0x00000006c9400000, 0x00000006c9800000|  0%| F|  |TAMS 0x00000006c9400000| PB 0x00000006c9400000| Untracked |  0
|  33|0x00000006c9800000, 0x00000006c9800000, 0x00000006c9c00000|  0%| F|  |TAMS 0x00000006c9800000| PB 0x00000006c9800000| Untracked |  0
|  34|0x00000006c9c00000, 0x00000006c9c00000, 0x00000006ca000000|  0%| F|  |TAMS 0x00000006c9c00000| PB 0x00000006c9c00000| Untracked |  0
|  35|0x00000006ca000000, 0x00000006ca000000, 0x00000006ca400000|  0%| F|  |TAMS 0x00000006ca000000| PB 0x00000006ca000000| Untracked |  0
|  36|0x00000006ca400000, 0x00000006ca400000, 0x00000006ca800000|  0%| F|  |TAMS 0x00000006ca400000| PB 0x00000006ca400000| Untracked |  0
|  37|0x00000006ca800000, 0x00000006ca800000, 0x00000006cac00000|  0%| F|  |TAMS 0x00000006ca800000| PB 0x00000006ca800000| Untracked |  0
|  38|0x00000006cac00000, 0x00000006cac00000, 0x00000006cb000000|  0%| F|  |TAMS 0x00000006cac00000| PB 0x00000006cac00000| Untracked |  0
|  39|0x00000006cb000000, 0x00000006cb000000, 0x00000006cb400000|  0%| F|  |TAMS 0x00000006cb000000| PB 0x00000006cb000000| Untracked |  0
|  40|0x00000006cb400000, 0x00000006cb400000, 0x00000006cb800000|  0%| F|  |TAMS 0x00000006cb400000| PB 0x00000006cb400000| Untracked |  0
|  41|0x00000006cb800000, 0x00000006cb800000, 0x00000006cbc00000|  0%| F|  |TAMS 0x00000006cb800000| PB 0x00000006cb800000| Untracked |  0
|  42|0x00000006cbc00000, 0x00000006cbc00000, 0x00000006cc000000|  0%| F|  |TAMS 0x00000006cbc00000| PB 0x00000006cbc00000| Untracked |  0
|  43|0x00000006cc000000, 0x00000006cc000000, 0x00000006cc400000|  0%| F|  |TAMS 0x00000006cc000000| PB 0x00000006cc000000| Untracked |  0
|  44|0x00000006cc400000, 0x00000006cc400000, 0x00000006cc800000|  0%| F|  |TAMS 0x00000006cc400000| PB 0x00000006cc400000| Untracked |  0
|  45|0x00000006cc800000, 0x00000006cc800000, 0x00000006ccc00000|  0%| F|  |TAMS 0x00000006cc800000| PB 0x00000006cc800000| Untracked |  0
|  46|0x00000006ccc00000, 0x00000006ccc00000, 0x00000006cd000000|  0%| F|  |TAMS 0x00000006ccc00000| PB 0x00000006ccc00000| Untracked |  0
|  47|0x00000006cd000000, 0x00000006cd000000, 0x00000006cd400000|  0%| F|  |TAMS 0x00000006cd000000| PB 0x00000006cd000000| Untracked |  0
|  48|0x00000006cd400000, 0x00000006cd400000, 0x00000006cd800000|  0%| F|  |TAMS 0x00000006cd400000| PB 0x00000006cd400000| Untracked |  0
|  49|0x00000006cd800000, 0x00000006cd800000, 0x00000006cdc00000|  0%| F|  |TAMS 0x00000006cd800000| PB 0x00000006cd800000| Untracked |  0
|  50|0x00000006cdc00000, 0x00000006cdc00000, 0x00000006ce000000|  0%| F|  |TAMS 0x00000006cdc00000| PB 0x00000006cdc00000| Untracked |  0
|  51|0x00000006ce000000, 0x00000006ce000000, 0x00000006ce400000|  0%| F|  |TAMS 0x00000006ce000000| PB 0x00000006ce000000| Untracked |  0
|  52|0x00000006ce400000, 0x00000006ce400000, 0x00000006ce800000|  0%| F|  |TAMS 0x00000006ce400000| PB 0x00000006ce400000| Untracked |  0
|  53|0x00000006ce800000, 0x00000006ce800000, 0x00000006cec00000|  0%| F|  |TAMS 0x00000006ce800000| PB 0x00000006ce800000| Untracked |  0
|  54|0x00000006cec00000, 0x00000006cec00000, 0x00000006cf000000|  0%| F|  |TAMS 0x00000006cec00000| PB 0x00000006cec00000| Untracked |  0
|  55|0x00000006cf000000, 0x00000006cf000000, 0x00000006cf400000|  0%| F|  |TAMS 0x00000006cf000000| PB 0x00000006cf000000| Untracked |  0
|  56|0x00000006cf400000, 0x00000006cf400000, 0x00000006cf800000|  0%| F|  |TAMS 0x00000006cf400000| PB 0x00000006cf400000| Untracked |  0
|  57|0x00000006cf800000, 0x00000006cf800000, 0x00000006cfc00000|  0%| F|  |TAMS 0x00000006cf800000| PB 0x00000006cf800000| Untracked |  0
|  58|0x00000006cfc00000, 0x00000006cfc00000, 0x00000006d0000000|  0%| F|  |TAMS 0x00000006cfc00000| PB 0x00000006cfc00000| Untracked |  0
|  59|0x00000006d0000000, 0x00000006d0000000, 0x00000006d0400000|  0%| F|  |TAMS 0x00000006d0000000| PB 0x00000006d0000000| Untracked |  0
|  60|0x00000006d0400000, 0x00000006d0400000, 0x00000006d0800000|  0%| F|  |TAMS 0x00000006d0400000| PB 0x00000006d0400000| Untracked |  0
|  61|0x00000006d0800000, 0x00000006d0800000, 0x00000006d0c00000|  0%| F|  |TAMS 0x00000006d0800000| PB 0x00000006d0800000| Untracked |  0
|  62|0x00000006d0c00000, 0x00000006d0c00000, 0x00000006d1000000|  0%| F|  |TAMS 0x00000006d0c00000| PB 0x00000006d0c00000| Untracked |  0
|  63|0x00000006d1000000, 0x00000006d1000000, 0x00000006d1400000|  0%| F|  |TAMS 0x00000006d1000000| PB 0x00000006d1000000| Untracked |  0
|  64|0x00000006d1400000, 0x00000006d1400000, 0x00000006d1800000|  0%| F|  |TAMS 0x00000006d1400000| PB 0x00000006d1400000| Untracked |  0
|  65|0x00000006d1800000, 0x00000006d1800000, 0x00000006d1c00000|  0%| F|  |TAMS 0x00000006d1800000| PB 0x00000006d1800000| Untracked |  0
|  66|0x00000006d1c00000, 0x00000006d1c00000, 0x00000006d2000000|  0%| F|  |TAMS 0x00000006d1c00000| PB 0x00000006d1c00000| Untracked |  0
|  67|0x00000006d2000000, 0x00000006d2000000, 0x00000006d2400000|  0%| F|  |TAMS 0x00000006d2000000| PB 0x00000006d2000000| Untracked |  0
|  68|0x00000006d2400000, 0x00000006d2400000, 0x00000006d2800000|  0%| F|  |TAMS 0x00000006d2400000| PB 0x00000006d2400000| Untracked |  0
|  69|0x00000006d2800000, 0x00000006d2800000, 0x00000006d2c00000|  0%| F|  |TAMS 0x00000006d2800000| PB 0x00000006d2800000| Untracked |  0
|  70|0x00000006d2c00000, 0x00000006d2c00000, 0x00000006d3000000|  0%| F|  |TAMS 0x00000006d2c00000| PB 0x00000006d2c00000| Untracked |  0
|  71|0x00000006d3000000, 0x00000006d3000000, 0x00000006d3400000|  0%| F|  |TAMS 0x00000006d3000000| PB 0x00000006d3000000| Untracked |  0
|  72|0x00000006d3400000, 0x00000006d3400000, 0x00000006d3800000|  0%| F|  |TAMS 0x00000006d3400000| PB 0x00000006d3400000| Untracked |  0
|  73|0x00000006d3800000, 0x00000006d3800000, 0x00000006d3c00000|  0%| F|  |TAMS 0x00000006d3800000| PB 0x00000006d3800000| Untracked |  0
|  74|0x00000006d3c00000, 0x00000006d3c00000, 0x00000006d4000000|  0%| F|  |TAMS 0x00000006d3c00000| PB 0x00000006d3c00000| Untracked |  0
|  75|0x00000006d4000000, 0x00000006d4000000, 0x00000006d4400000|  0%| F|  |TAMS 0x00000006d4000000| PB 0x00000006d4000000| Untracked |  0
|  76|0x00000006d4400000, 0x00000006d4400000, 0x00000006d4800000|  0%| F|  |TAMS 0x00000006d4400000| PB 0x00000006d4400000| Untracked |  0
|  77|0x00000006d4800000, 0x00000006d4800000, 0x00000006d4c00000|  0%| F|  |TAMS 0x00000006d4800000| PB 0x00000006d4800000| Untracked |  0
|  78|0x00000006d4c00000, 0x00000006d4c00000, 0x00000006d5000000|  0%| F|  |TAMS 0x00000006d4c00000| PB 0x00000006d4c00000| Untracked |  0
|  79|0x00000006d5000000, 0x00000006d51eb980, 0x00000006d5400000| 48%| E|  |TAMS 0x00000006d5000000| PB 0x00000006d5000000| Complete |  0

Card table byte_map: [0x000001495f310000,0x000001495fd10000] _byte_map_base: 0x000001495bd06000

Marking Bits: (CMBitMap*) 0x0000014946f160f0
 Bits: [0x000001495fd10000, 0x0000014964cc0000)

Polling page: 0x0000014944d00000

Metaspace:

Usage:
  Non-class:     94.15 KB used.
      Class:      3.10 KB used.
       Both:     97.25 KB used.

Virtual space:
  Non-class space:       64.00 MB reserved,     128.00 KB ( <1%) committed,  1 nodes.
      Class space:        1.00 GB reserved,      64.00 KB ( <1%) committed,  1 nodes.
             Both:        1.06 GB reserved,     192.00 KB ( <1%) committed. 

Chunk freelists:
   Non-Class:  12.00 MB
       Class:  15.75 MB
        Both:  27.75 MB

MaxMetaspaceSize: unlimited
CompressedClassSpaceSize: 1.00 GB
Initial GC threshold: 21.00 MB
Current GC threshold: 21.00 MB
CDS: on
 - commit_granule_bytes: 65536.
 - commit_granule_words: 8192.
 - virtual_space_node_default_size: 8388608.
 - enlarge_chunks_in_place: 1.
 - use_allocation_guard: 0.


Internal statistics:

num_allocs_failed_limit: 0.
num_arena_births: 2.
num_arena_deaths: 0.
num_vsnodes_births: 2.
num_vsnodes_deaths: 0.
num_space_committed: 3.
num_space_uncommitted: 0.
num_chunks_returned_to_freelist: 0.
num_chunks_taken_from_freelist: 3.
num_chunk_merges: 0.
num_chunk_splits: 2.
num_chunks_enlarged: 0.
num_inconsistent_stats: 0.

CodeHeap 'non-profiled nmethods': size=120064Kb used=9Kb max_used=9Kb free=120054Kb
 bounds [0x00000149570a0000, 0x0000014957310000, 0x000001495e5e0000]
CodeHeap 'profiled nmethods': size=120000Kb used=4Kb max_used=4Kb free=119995Kb
 bounds [0x000001494f5e0000, 0x000001494f850000, 0x0000014956b10000]
CodeHeap 'non-nmethods': size=5696Kb used=1148Kb max_used=1148Kb free=4547Kb
 bounds [0x0000014956b10000, 0x0000014956d80000, 0x00000149570a0000]
CodeCache: size=245760Kb, used=1161Kb, max_used=1161Kb, free=244596Kb
 total_blobs=298, nmethods=15, adapters=208, full_count=0
Compilation: enabled, stopped_count=0, restarted_count=0

Compilation events (1 events):
Event: 0.080 Thread 0x000001496771e280    4       3       jdk.internal.util.ArraysSupport::unsignedHashCode (36 bytes)

GC Heap History (0 events):
No events

Dll operation events (2 events):
Event: 0.017 Loaded shared library C:\Program Files\Java\jdk-23\bin\java.dll
Event: 0.080 Loaded shared library C:\Program Files\Java\jdk-23\bin\jsvml.dll

Deoptimization events (0 events):
No events

Classes loaded (4 events):
Event: 0.069 Loading class sun/nio/cs/IBM437
Event: 0.069 Loading class sun/nio/cs/IBM437 done
Event: 0.070 Loading class sun/nio/cs/IBM437$Holder
Event: 0.070 Loading class sun/nio/cs/IBM437$Holder done

Classes unloaded (0 events):
No events

Classes redefined (0 events):
No events

Internal exceptions (0 events):
No events

VM Operations (0 events):
No events

Memory protections (0 events):
No events

Nmethod flushes (0 events):
No events

Events (9 events):
Event: 0.048 Thread 0x0000014944b0e630 Thread added: 0x0000014944b0e630
Event: 0.072 Thread 0x0000014944b0e630 Thread added: 0x000001496770cec0
Event: 0.073 Thread 0x0000014944b0e630 Thread added: 0x000001496770f5c0
Event: 0.073 Thread 0x0000014944b0e630 Thread added: 0x0000014967712640
Event: 0.073 Thread 0x0000014944b0e630 Thread added: 0x00000149677150b0
Event: 0.073 Thread 0x0000014944b0e630 Thread added: 0x0000014967718800
Event: 0.074 Thread 0x0000014944b0e630 Thread added: 0x0000014967719260
Event: 0.074 Thread 0x0000014944b0e630 Thread added: 0x0000014967719ff0
Event: 0.074 Thread 0x0000014944b0e630 Thread added: 0x000001496771e280


Dynamic libraries:
0x00007ff6d54f0000 - 0x00007ff6d5500000 	C:\Program Files\Java\jdk-23\bin\java.exe
0x00007ffb97b20000 - 0x00007ffb97d29000 	C:\Windows\SYSTEM32\ntdll.dll
0x00007ffb76600000 - 0x00007ffb76621000 	C:\Program Files\Avast Software\Avast\aswhook.dll
0x00007ffb96a30000 - 0x00007ffb96aed000 	C:\Windows\System32\KERNEL32.DLL
0x00007ffb953d0000 - 0x00007ffb95754000 	C:\Windows\System32\KERNELBASE.dll
0x00007ffb95190000 - 0x00007ffb952a1000 	C:\Windows\System32\ucrtbase.dll
0x00007ffb90720000 - 0x00007ffb90737000 	C:\Program Files\Java\jdk-23\bin\jli.dll
0x00007ffb90700000 - 0x00007ffb9071b000 	C:\Program Files\Java\jdk-23\bin\VCRUNTIME140.dll
0x00007ffb974e0000 - 0x00007ffb9768d000 	C:\Windows\System32\USER32.dll
0x00007ffb94fb0000 - 0x00007ffb94fd6000 	C:\Windows\System32\win32u.dll
0x00007ffb95970000 - 0x00007ffb9599a000 	C:\Windows\System32\GDI32.dll
0x00007ffb7b590000 - 0x00007ffb7b835000 	C:\Windows\WinSxS\amd64_microsoft.windows.common-controls_6595b64144ccf1df_6.0.22000.120_none_9d947278b86cc467\COMCTL32.dll
0x00007ffb952b0000 - 0x00007ffb953ce000 	C:\Windows\System32\gdi32full.dll
0x00007ffb96af0000 - 0x00007ffb96b93000 	C:\Windows\System32\msvcrt.dll
0x00007ffb958d0000 - 0x00007ffb9596d000 	C:\Windows\System32\msvcp_win.dll
0x00007ffb97aa0000 - 0x00007ffb97ad1000 	C:\Windows\System32\IMM32.DLL
0x00007ffb8eca0000 - 0x00007ffb8ecac000 	C:\Program Files\Java\jdk-23\bin\vcruntime140_1.dll
0x00007ffb6e4d0000 - 0x00007ffb6e55e000 	C:\Program Files\Java\jdk-23\bin\msvcp140.dll
0x00007ffb3f7e0000 - 0x00007ffb4052f000 	C:\Program Files\Java\jdk-23\bin\server\jvm.dll
0x00007ffb96980000 - 0x00007ffb96a2e000 	C:\Windows\System32\ADVAPI32.dll
0x00007ffb97a00000 - 0x00007ffb97a9e000 	C:\Windows\System32\sechost.dll
0x00007ffb96830000 - 0x00007ffb96951000 	C:\Windows\System32\RPCRT4.dll
0x00007ffb97990000 - 0x00007ffb979ff000 	C:\Windows\System32\WS2_32.dll
0x00007ffb94e80000 - 0x00007ffb94ecd000 	C:\Windows\SYSTEM32\POWRPROF.dll
0x00007ffb8d620000 - 0x00007ffb8d62a000 	C:\Windows\SYSTEM32\VERSION.dll
0x00007ffb8eb30000 - 0x00007ffb8eb63000 	C:\Windows\SYSTEM32\WINMM.dll
0x00007ffb94e60000 - 0x00007ffb94e73000 	C:\Windows\SYSTEM32\UMPDC.dll
0x00007ffb94020000 - 0x00007ffb94038000 	C:\Windows\SYSTEM32\kernel.appcore.dll
0x00007ffb8ec90000 - 0x00007ffb8ec9a000 	C:\Program Files\Java\jdk-23\bin\jimage.dll
0x00007ffb8bde0000 - 0x00007ffb8c001000 	C:\Windows\SYSTEM32\DBGHELP.DLL
0x00007ffb8aa50000 - 0x00007ffb8aa81000 	C:\Windows\SYSTEM32\dbgcore.DLL
0x00007ffb94fe0000 - 0x00007ffb9505f000 	C:\Windows\System32\bcryptPrimitives.dll
0x00007ffb8ec70000 - 0x00007ffb8ec8e000 	C:\Program Files\Java\jdk-23\bin\java.dll
0x00007ffb96310000 - 0x00007ffb964aa000 	C:\Windows\System32\ole32.dll
0x00007ffb964b0000 - 0x00007ffb96826000 	C:\Windows\System32\combase.dll
0x00007ffb959a0000 - 0x00007ffb96165000 	C:\Windows\System32\SHELL32.dll
0x00007ffb93080000 - 0x00007ffb938e2000 	C:\Windows\SYSTEM32\windows.storage.dll
0x00007ffb92f10000 - 0x00007ffb93077000 	C:\Windows\SYSTEM32\wintypes.dll
0x00007ffb973f0000 - 0x00007ffb974da000 	C:\Windows\System32\SHCORE.dll
0x00007ffb97700000 - 0x00007ffb9775d000 	C:\Windows\System32\shlwapi.dll
0x00007ffb94ee0000 - 0x00007ffb94f05000 	C:\Windows\SYSTEM32\profapi.dll
0x00007ffb56250000 - 0x00007ffb56327000 	C:\Program Files\Java\jdk-23\bin\jsvml.dll

dbghelp: loaded successfully - version: 4.0.5 - missing functions: none
symbol engine: initialized successfully - sym options: 0x614 - pdb path: .;C:\Program Files\Java\jdk-23\bin;C:\Windows\SYSTEM32;C:\Program Files\Avast Software\Avast;C:\Windows\WinSxS\amd64_microsoft.windows.common-controls_6595b64144ccf1df_6.0.22000.120_none_9d947278b86cc467;C:\Program Files\Java\jdk-23\bin\server

VM Arguments:
java_command: <unknown>
java_class_path (initial): <not set>
Launcher Type: SUN_STANDARD

[Global flags]
     intx CICompilerCount                          = 4                                         {product} {ergonomic}
     uint ConcGCThreads                            = 2                                         {product} {ergonomic}
     uint G1ConcRefinementThreads                  = 8                                         {product} {ergonomic}
   size_t G1HeapRegionSize                         = 4194304                                   {product} {ergonomic}
   size_t InitialHeapSize                          = 335544320                                 {product} {ergonomic}
   size_t MarkStackSize                            = 4194304                                   {product} {ergonomic}
   size_t MarkStackSizeMax                         = 536870912                                 {product} {ergonomic}
   size_t MaxHeapSize                              = 5347737600                                {product} {ergonomic}
   size_t MaxNewSize                               = 3208642560                                {product} {ergonomic}
   size_t MinHeapDeltaBytes                        = 4194304                                   {product} {ergonomic}
   size_t MinHeapSize                              = 8388608                                   {product} {ergonomic}
    uintx NonNMethodCodeHeapSize                   = 5832704                                {pd product} {ergonomic}
    uintx NonProfiledCodeHeapSize                  = 122945536                              {pd product} {ergonomic}
    uintx ProfiledCodeHeapSize                     = 122880000                              {pd product} {ergonomic}
    uintx ReservedCodeCacheSize                    = 251658240                              {pd product} {ergonomic}
     bool SegmentedCodeCache                       = true                                      {product} {ergonomic}
   size_t SoftMaxHeapSize                          = 5347737600                             {manageable} {ergonomic}
     bool UseCompressedOops                        = true                           {product lp64_product} {ergonomic}
     bool UseG1GC                                  = true                                      {product} {ergonomic}
     bool UseLargePagesIndividualAllocation        = false                                  {pd product} {ergonomic}

Logging:
Log output configuration:
 #0: stdout all=warning uptime,level,tags foldmultilines=false
 #1: stderr all=off uptime,level,tags foldmultilines=false

Environment Variables:
JAVA_HOME=C:/jdk17/jdk-17.0.20+8
PATH=C:\Users\mohamed\AppData\Local\cloud-code\bin\versions\5d34a2de8f88f70b21c460b5511b65b6655aab69faf672c0b5000f1ee88306fb;C:\Program Files\Common Files\Oracle\Java\javapath;C:\Windows\system32;C:\Windows;C:\Windows\System32\Wbem;C:\Windows\System32\WindowsPowerShell\v1.0\;C:\Windows\System32\OpenSSH\;C:\Program Files\Git\cmd;C:\Users\mohamed\AppData\Local\nvm;C:\nvm4w\nodejs;C:\laragon\bin\composer;C:\laragon\bin\git\bin;C:\laragon\bin\git\cmd;C:\laragon\bin\git\mingw64\bin;C:\laragon\bin\git\usr\bin;C:\laragon\bin\mysql\mysql-8.4.3-winx64\bin;C:\laragon\bin\ngrok;C:\laragon\bin\nodejs\node-v22;C:\laragon\bin\php\php-8.4.21-Win32-vs17-x64;C:\laragon\bin\python\python-3.13;C:\laragon\bin\python\python-3.13\Scripts;C:\laragon\usr\bin;C:\Users\mohamed\AppData\Local\Yarn\config\global\node_modules\.bin;C:\Users\mohamed\AppData\Roaming\Composer\vendor\bin;C:\Users\mohamed\AppData\Roaming\npm;C:\Users\mohamed\AppData\Local\Microsoft\WindowsApps;C:\Program Files\JetBrains\PhpStorm 2025.1.1\bin;C:\Users\mohamed\composer;C:\Program Files\JetBrains\IntelliJ IDEA 2025.1.2\bin;C:\xampp\mysql\bin;C:\Users\mohamed\AppData\Local\Programs\Microsoft VS Code\bin;C:\Users\mohamed\AppData\Local\nvm;C:\nvm4w\nodejs;C:\Program Files\Java\jdk-23\bin;C:\Users\mohamed\.local\bin;
USERNAME=mohamed
OS=Windows_NT
PROCESSOR_IDENTIFIER=Intel64 Family 6 Model 142 Stepping 10, GenuineIntel
TMP=C:\Users\mohamed\AppData\Local\Temp
TEMP=C:\Users\mohamed\AppData\Local\Temp




Periodic native trim disabled

---------------  S Y S T E M  ---------------

OS:
 Windows 11 , 64 bit Build 22000 (10.0.22000.2538)
OS uptime: 0 days 2:40 hours

CPU: total 8 (initial active 8) (4 cores per cpu, 2 threads per core) family 6 model 142 stepping 10 microcode 0xe0, cx8, cmov, fxsr, ht, mmx, 3dnowpref, sse, sse2, sse3, ssse3, sse4.1, sse4.2, popcnt, lzcnt, tsc, tscinvbit, avx, avx2, aes, erms, clmul, bmi1, bmi2, adx, fma, vzeroupper, clflush, clflushopt, rdtscp, f16c
Processor Information for the first 8 processors :
  Max Mhz: 1992, Current Mhz: 1792, Mhz Limit: 1792

Memory: 4k page, system-wide physical 20388M (7995M free)
TotalPageFile size 23460M (AvailPageFile size 7569M)
current process WorkingSet (physical memory assigned to process): 34M, peak: 34M
current process commit charge ("private bytes"): 405M, peak: 405M

vm_info: Java HotSpot(TM) 64-Bit Server VM (23.0.1+11-39) for windows-amd64 JRE (23.0.1+11-39), built on 2024-09-30T07:20:43Z with MS VC++ 17.6 (VS2022)

END.
